// Jest Snapshot v1, https://goo.gl/fbAQLP

exports[`routes stable 1`] = `
Array [
  Object {
    "Component": undefined,
    "ErrorBoundary": undefined,
    "action": undefined,
    "caseSensitive": undefined,
    "children": Array [
      Object {
        "Component": undefined,
        "ErrorBoundary": undefined,
        "action": undefined,
        "caseSensitive": undefined,
        "children": Array [
          Object {
            "Component": undefined,
            "ErrorBoundary": undefined,
            "action": undefined,
            "caseSensitive": undefined,
            "element": <Chatbox />,
            "errorElement": undefined,
            "handle": undefined,
            "hasErrorBoundary": false,
            "id": "0-0-0-0",
            "index": undefined,
            "lazy": undefined,
            "loader": undefined,
            "path": "chatbox",
            "shouldRevalidate": undefined,
          },
        ],
        "element": <Message />,
        "errorElement": undefined,
        "handle": undefined,
        "hasErrorBoundary": false,
        "id": "0-0-0",
        "index": undefined,
        "lazy": undefined,
        "loader": undefined,
        "path": "message",
        "shouldRevalidate": undefined,
      },
      Object {
        "Component": undefined,
        "ErrorBoundary": undefined,
        "action": undefined,
        "caseSensitive": undefined,
        "children": Array [
          Object {
            "Component": undefined,
            "ErrorBoundary": undefined,
            "action": undefined,
            "caseSensitive": undefined,
            "element": <Navigate
              replace={true}
              to="posts"
            />,
            "errorElement": undefined,
            "handle": undefined,
            "hasErrorBoundary": false,
            "id": "0-0-1-0",
            "index": true,
            "lazy": undefined,
            "loader": undefined,
            "path": undefined,
            "shouldRevalidate": undefined,
          },
          Object {
            "Component": undefined,
            "ErrorBoundary": undefined,
            "action": undefined,
            "caseSensitive": undefined,
            "element": <AccountPosts />,
            "errorElement": undefined,
            "handle": undefined,
            "hasErrorBoundary": false,
            "id": "0-0-1-1",
            "index": undefined,
            "lazy": undefined,
            "loader": undefined,
            "path": "posts",
            "shouldRevalidate": undefined,
          },
          Object {
            "Component": undefined,
            "ErrorBoundary": undefined,
            "action": undefined,
            "caseSensitive": undefined,
            "element": <AccountPhotos />,
            "errorElement": undefined,
            "handle": undefined,
            "hasErrorBoundary": false,
            "id": "0-0-1-2",
            "index": undefined,
            "lazy": undefined,
            "loader": undefined,
            "path": "photos",
            "shouldRevalidate": undefined,
          },
        ],
        "element": <Account />,
        "errorElement": undefined,
        "handle": undefined,
        "hasErrorBoundary": false,
        "id": "0-0-1",
        "index": undefined,
        "lazy": undefined,
        "loader": undefined,
        "path": "account",
        "shouldRevalidate": undefined,
      },
      Object {
        "Component": undefined,
        "ErrorBoundary": undefined,
        "action": undefined,
        "caseSensitive": undefined,
        "children": Array [
          Object {
            "Component": undefined,
            "ErrorBoundary": undefined,
            "action": undefined,
            "caseSensitive": undefined,
            "element": <Navigate
              replace={true}
              to="editProfile"
            />,
            "errorElement": undefined,
            "handle": undefined,
            "hasErrorBoundary": false,
            "id": "0-0-2-0",
            "index": true,
            "lazy": undefined,
            "loader": undefined,
            "path": undefined,
            "shouldRevalidate": undefined,
          },
          Object {
            "Component": undefined,
            "ErrorBoundary": undefined,
            "action": [Function],
            "caseSensitive": undefined,
            "element": <EditProfile />,
            "errorElement": undefined,
            "handle": undefined,
            "hasErrorBoundary": false,
            "id": "0-0-2-1",
            "index": undefined,
            "lazy": undefined,
            "loader": undefined,
            "path": "editProfile",
            "shouldRevalidate": undefined,
          },
        ],
        "element": <Options />,
        "errorElement": undefined,
        "handle": undefined,
        "hasErrorBoundary": false,
        "id": "0-0-2",
        "index": undefined,
        "lazy": undefined,
        "loader": undefined,
        "path": "options",
        "shouldRevalidate": undefined,
      },
    ],
    "element": <App />,
    "errorElement": undefined,
    "handle": undefined,
    "hasErrorBoundary": false,
    "id": "0-0",
    "index": undefined,
    "lazy": undefined,
    "loader": undefined,
    "path": "/",
    "shouldRevalidate": undefined,
  },
  Object {
    "Component": undefined,
    "ErrorBoundary": undefined,
    "action": [Function],
    "caseSensitive": undefined,
    "children": Array [
      Object {
        "Component": undefined,
        "ErrorBoundary": undefined,
        "action": undefined,
        "caseSensitive": undefined,
        "element": <LoginForm />,
        "errorElement": undefined,
        "handle": undefined,
        "hasErrorBoundary": false,
        "id": "0-1-0",
        "index": undefined,
        "lazy": undefined,
        "loader": undefined,
        "path": "",
        "shouldRevalidate": undefined,
      },
      Object {
        "Component": undefined,
        "ErrorBoundary": undefined,
        "action": [Function],
        "caseSensitive": undefined,
        "element": <RegisterForm />,
        "errorElement": undefined,
        "handle": undefined,
        "hasErrorBoundary": false,
        "id": "0-1-1",
        "index": undefined,
        "lazy": undefined,
        "loader": undefined,
        "path": "register",
        "shouldRevalidate": undefined,
      },
    ],
    "element": <LoginPage />,
    "errorElement": undefined,
    "handle": undefined,
    "hasErrorBoundary": false,
    "id": "0-1",
    "index": undefined,
    "lazy": undefined,
    "loader": undefined,
    "path": "/login",
    "shouldRevalidate": undefined,
  },
]
`;
